// Jest Snapshot v1, https://goo.gl/fbAQLP

exports[`TextArea Component Jest 1`] = `
<div
  className="form-group"
>
  <label />
   
  <i />
  <textarea
    className="textarea"
    placeholder="Write Some Thing"
    rows="5"
  />
</div>
`;
