// Jest Snapshot v1, https://goo.gl/fbAQLP

exports[`Preloader Component Testing 1`] = `
<div
  className="Loader"
/>
`;
