// Jest Snapshot v1, https://goo.gl/fbAQLP

exports[`Button Component Jest 1`] = `
<button
  className="btn"
  disabled="true"
  type="button"
/>
`;
